[INFO] Scanning for projects...
[INFO] 
[INFO] -----------------< com.yowyob.delivery:route-service >------------------
[INFO] Building Logistics Routing API 0.0.1-SNAPSHOT
[INFO]   from pom.xml
[INFO] --------------------------------[ jar ]---------------------------------
[INFO] 
[INFO] --- resources:3.3.1:resources (default-resources) @ route-service ---
[INFO] Copying 1 resource from src\main\resources to target\classes
[INFO] Copying 11 resources from src\main\resources to target\classes
[INFO] 
[INFO] --- compiler:3.11.0:compile (default-compile) @ route-service ---
[INFO] Nothing to compile - all classes are up to date
[INFO] 
[INFO] --- resources:3.3.1:testResources (default-testResources) @ route-service ---
[INFO] skip non existing resourceDirectory F:\backend\backend\src\test\resources
[INFO] 
[INFO] --- compiler:3.11.0:testCompile (default-testCompile) @ route-service ---
[INFO] Nothing to compile - all classes are up to date
[INFO] 
[INFO] --- surefire:3.5.2:test (default-test) @ route-service ---
[INFO] Using auto detected provider org.apache.maven.surefire.junitplatform.JUnitPlatformProvider
[INFO] 
[INFO] -------------------------------------------------------
[INFO]  T E S T S
[INFO] -------------------------------------------------------
[INFO] Running com.yowyob.delivery.route.service.strategy.GeometryUtilsTest
[ERROR] Tests run: 2, Failures: 1, Errors: 0, Skipped: 0, Time elapsed: 0.090 s <<< FAILURE! -- in com.yowyob.delivery.route.service.strategy.GeometryUtilsTest
[ERROR] com.yowyob.delivery.route.service.strategy.GeometryUtilsTest.testDoesRouteIntersectIncident_QuarterCrossing -- Time elapsed: 0.048 s <<< FAILURE!
org.opentest4j.AssertionFailedError: Route should intersect incident line at the quarter point ==> expected: <true> but was: <false>
	at org.junit.jupiter.api.AssertionFailureBuilder.build(AssertionFailureBuilder.java:151)
	at org.junit.jupiter.api.AssertionFailureBuilder.buildAndThrow(AssertionFailureBuilder.java:132)
	at org.junit.jupiter.api.AssertTrue.failNotTrue(AssertTrue.java:63)
	at org.junit.jupiter.api.AssertTrue.assertTrue(AssertTrue.java:36)
	at org.junit.jupiter.api.Assertions.assertTrue(Assertions.java:214)
	at com.yowyob.delivery.route.service.strategy.GeometryUtilsTest.testDoesRouteIntersectIncident_QuarterCrossing(GeometryUtilsTest.java:43)
	at java.base/java.lang.reflect.Method.invoke(Method.java:580)
	at java.base/java.util.ArrayList.forEach(ArrayList.java:1596)
	at java.base/java.util.ArrayList.forEach(ArrayList.java:1596)

[INFO] 
[INFO] Results:
[INFO] 
[ERROR] Failures: 
[ERROR]   GeometryUtilsTest.testDoesRouteIntersectIncident_QuarterCrossing:43 Route should intersect incident line at the quarter point ==> expected: <true> but was: <false>
[INFO] 
[ERROR] Tests run: 2, Failures: 1, Errors: 0, Skipped: 0
[INFO] 
[INFO] ------------------------------------------------------------------------
[INFO] BUILD FAILURE
[INFO] ------------------------------------------------------------------------
[INFO] Total time:  4.448 s
[INFO] Finished at: 2026-01-18T18:37:34+01:00
[INFO] ------------------------------------------------------------------------
[ERROR] Failed to execute goal org.apache.maven.plugins:maven-surefire-plugin:3.5.2:test (default-test) on project route-service: There are test failures.
[ERROR] 
[ERROR] See F:\backend\backend\target\surefire-reports for the individual test results.
[ERROR] See dump files (if any exist) [date].dump, [date]-jvmRun[N].dump and [date].dumpstream.
[ERROR] -> [Help 1]
[ERROR] 
[ERROR] To see the full stack trace of the errors, re-run Maven with the -e switch.
[ERROR] Re-run Maven using the -X switch to enable full debug logging.
[ERROR] 
[ERROR] For more information about the errors and possible solutions, please read the following articles:
[ERROR] [Help 1] http://cwiki.apache.org/confluence/display/MAVEN/MojoFailureException
